    -37.597287229419    -37.600310903170         0.84665E-02
    -37.592326261136    -37.595348465104         0.73205E-02
    -37.583314253171    -37.586356833690         0.42196E-02
    -37.587305726785    -37.590286531898         0.80466E-02
    -37.606889365645    -37.609917790798         0.89308E-02
    -37.597350177138    -37.600390127359         0.56379E-02
    -37.619165723213    -37.622125429035         0.69572E-02
    -37.608144922333    -37.611134982120         0.92319E-02
    -37.616697362915    -37.619636109959         0.51470E-02
    -37.611249186289    -37.614155853891         0.70359E-02
    -37.551951129179    -37.555016057412         0.95694E-02
    -37.609994217555    -37.612976218081         0.41448E-02
    -37.596534235772    -37.599512403977         0.43572E-02
    -37.563569252445    -37.566563951068         0.82880E-02
    -37.580735901499    -37.583693149268         0.65079E-02
    -37.580235956239    -37.583267443746         0.35271E-02
    -37.549874099447    -37.552935649146         0.83070E-02
    -37.551245683189    -37.554259696679         0.44019E-02
    -37.584254593172    -37.587308097082         0.59859E-02
    -37.563741337052    -37.566740758996         0.89826E-02
    -37.592943452717    -37.596019760378         0.37201E-02
    -37.557515265246    -37.560498679237         0.99017E-02
    -37.543563569234    -37.546579512596         0.99174E-02
    -37.551981228567    -37.555002751636         0.92116E-02
    -37.524419901449    -37.527381443764         0.93908E-02
    -37.536214172556    -37.539285597057         0.84384E-02
    -37.545959572380    -37.548846515286         0.94689E-02
    -37.541284222725    -37.544207353156         0.73754E-02
    -37.544103602739    -37.547066147657         0.44136E-02
    -37.537147527674    -37.540076689226         0.85341E-02
    -37.535635754775    -37.538607343072         0.87142E-02
    -37.521294200324    -37.524198899123         0.90283E-02
    -37.552368169861    -37.555321814058         0.43441E-02
    -37.550999804172    -37.553915284862         0.71954E-02
    -37.518564481104    -37.521520481431         0.91686E-02
    -37.553260020562    -37.556257529871         0.60568E-02
    -37.517394648870    -37.520291624830         0.83779E-02
    -37.547647913656    -37.550588593988         0.56504E-02
    -37.530798625802    -37.533704499752         0.99167E-02
    -37.526244430032    -37.529112589523         0.32118E-02
    -37.476189737092    -37.479012126847         0.86962E-02
    -37.518608947470    -37.521450193964         0.50696E-02
    -37.521898325784    -37.524799550047         0.95045E-02
    -37.499669255977    -37.502494199624         0.92444E-02
    -37.515134358050    -37.518008997244         0.72619E-02
    -37.515197610570    -37.518110976308         0.84899E-02
    -37.540713293391    -37.543591095819         0.75598E-02
    -37.501411290856    -37.504272962462         0.43906E-02
    -37.500747814267    -37.503630346252         0.92157E-02
    -37.490276526669    -37.493039232737         0.90873E-02
    -37.489606079654    -37.492442835586         0.93852E-02
    -37.495597679333    -37.498422655571         0.68328E-02
    -37.484480995697    -37.487216973939         0.89759E-02
    -37.479816458456    -37.482614806849         0.95371E-02
    -37.471534811293    -37.474430972953         0.80416E-02
    -37.499684204801    -37.502404472390         0.99411E-02
    -37.482057019037    -37.484869119675         0.97431E-02
    -37.485460624104    -37.488165802399         0.53161E-02
    -37.492791652220    -37.495534873270         0.30040E-02
    -37.500972950389    -37.503742726954         0.86838E-02
    -37.520944013151    -37.523761562574         0.88193E-02
    -37.522073839940    -37.524921504898         0.51982E-02
    -37.530668500680    -37.533494776730         0.43310E-02
    -37.498404781700    -37.501120223483         0.77634E-02
    -37.526744927021    -37.529644298527         0.49801E-02
    -37.496748684587    -37.499535903018         0.62085E-02
    -37.501432985282    -37.504198246085         0.40626E-02
    -37.520749431866    -37.523525624895         0.87570E-02
    -37.501947497299    -37.504737273260         0.61054E-02
    -37.530881130310    -37.533743859703         0.57852E-02
    -37.487880431219    -37.490695051510         0.97211E-02
    -37.519174209680    -37.521978033957         0.64332E-02
    -37.500963326263    -37.503774236723         0.74425E-02
    -37.520025523884    -37.522882972773         0.40093E-02
    -37.510023297469    -37.512880926334         0.91150E-02
    -37.480307651242    -37.483162203488         0.79006E-02
    -37.504355437186    -37.507201122535         0.82547E-02
    -37.513922739780    -37.516835870764         0.35234E-02
    -37.479678064228    -37.482546957301         0.94063E-02
    -37.501825226472    -37.504750232432         0.76039E-02
    -37.523453437330    -37.526368222461         0.81363E-02
    -37.519198695690    -37.522108131317         0.94475E-02
    -37.526416183343    -37.529198901803         0.85073E-02
    -37.508230256484    -37.511038427237         0.67306E-02
    -37.533873139058    -37.536764954439         0.52170E-02
    -37.527959062799    -37.530846698843         0.43269E-02
    -37.511199809504    -37.514091726891         0.45771E-02
    -37.514938197746    -37.517838540638         0.59411E-02
    -37.500094562154    -37.503008301026         0.66031E-02
    -37.525167609185    -37.528021660272         0.87621E-02
    -37.536593924114    -37.539455716450         0.88866E-02
    -37.511152266657    -37.514023436659         0.80362E-02
    -37.501604194514    -37.504642528157         0.43586E-02
    -37.536138055833    -37.539065268591         0.62004E-02
    -37.510415387857    -37.513354509668         0.61109E-02
    -37.528745625743    -37.531601166354         0.45123E-02
    -37.515368111297    -37.518193359091         0.81951E-02
    -37.510363829063    -37.513221932313         0.88814E-02
    -37.494726784011    -37.497707950712         0.91707E-02
    -37.509985945871    -37.512869163804         0.64164E-02
    -37.501084226454    -37.504020645022         0.86715E-02
    -37.497162267033    -37.500040188448         0.70237E-02
    -37.516372222044    -37.519250059970         0.64553E-02
    -37.516625555334    -37.519350271348         0.78319E-02
    -37.525497372069    -37.528297815883         0.80673E-02
    -37.495772461518    -37.498560720630         0.79543E-02
    -37.459808422668    -37.462689920815         0.89503E-02
    -37.517566143237    -37.520358910695         0.68447E-02
    -37.520407734504    -37.523149470049         0.75923E-02
    -37.504613847455    -37.507429846422         0.96385E-02
    -37.460385382121    -37.463250499941         0.96364E-02
    -37.466708724511    -37.469522890584         0.92665E-02
    -37.453577676396    -37.456442659300         0.59867E-02
    -37.491254852547    -37.494199898773         0.92081E-02
    -37.504026375274    -37.506860451941         0.99497E-02
    -37.511174488693    -37.514128779621         0.98702E-02
    -37.499775793804    -37.502563294852         0.76275E-02
    -37.510087417691    -37.512954455726         0.87091E-02
    -37.517006906908    -37.519938938564         0.23932E-02
    -37.524954444727    -37.527724629112         0.64980E-02
    -37.517226105680    -37.520042814249         0.86740E-02
    -37.516403157526    -37.519254112529         0.87043E-02
    -37.517628889292    -37.520413576722         0.72182E-02
    -37.502510535648    -37.505301112717         0.80213E-02
    -37.504857852931    -37.507706213572         0.43077E-02
    -37.483030193475    -37.485877921657         0.68627E-02
    -37.515531814383    -37.518335923779         0.55141E-02
    -37.518199533684    -37.520989593594         0.43816E-02
    -37.479744642527    -37.482555911529         0.64702E-02
    -37.497025329804    -37.499870324328         0.90319E-02
    -37.487386322974    -37.490322310562         0.97061E-02
    -37.509790523818    -37.512653766779         0.65054E-02
    -37.505827713964    -37.508754349968         0.85886E-02
    -37.491697733558    -37.494558595241         0.48042E-02
    -37.472943996139    -37.475780066716         0.96007E-02
    -37.502048828224    -37.504852706043         0.62751E-02
    -37.482575781031    -37.485470360909         0.73321E-02
    -37.492431777644    -37.495226532757         0.71542E-02
    -37.517382801879    -37.520105032498         0.95375E-02
    -37.494168096510    -37.496974559741         0.94078E-02
    -37.537072130178    -37.539770898083         0.47824E-02
    -37.515060620588    -37.517866804404         0.86937E-02
    -37.512942048718    -37.515664306677         0.99472E-02
    -37.487099915207    -37.489984618914         0.87136E-02
    -37.497253141508    -37.499993749752         0.88439E-02
    -37.508466045843    -37.511189454041         0.34959E-02
    -37.495158659469    -37.497904754095         0.48445E-02
    -37.501930271350    -37.504712921894         0.39097E-02
    -37.514032332061    -37.516830007974         0.40763E-02
    -37.530592891803    -37.533393425568         0.77719E-02
    -37.519839545778    -37.522725687403         0.29678E-02
    -37.535569228037    -37.538437145736         0.50034E-02
    -37.515076432253    -37.517898117661         0.70948E-02
    -37.548102785210    -37.550898850131         0.75234E-02
    -37.526513464963    -37.529369844128         0.81040E-02
    -37.487704877693    -37.490481099849         0.48985E-02
    -37.502701096833    -37.505517356539         0.32429E-02
    -37.512748742154    -37.515452556833         0.39287E-02
    -37.478255962364    -37.481017609275         0.83304E-02
    -37.497848937506    -37.500649377645         0.53413E-02
    -37.464303849252    -37.467143183502         0.45206E-02
    -37.479173144178    -37.481962819880         0.79911E-02
    -37.494654430481    -37.497501779063         0.48755E-02
    -37.475399754660    -37.478231751735         0.63922E-02
    -37.501276538362    -37.504211549918         0.85790E-02
    -37.520313983275    -37.523153360326         0.38988E-02
    -37.488138406133    -37.490992995847         0.77961E-02
    -37.509040675284    -37.511900368529         0.90544E-02
    -37.474556964259    -37.477336351704         0.87061E-02
    -37.499103029494    -37.502039048581         0.51704E-02
    -37.480966274831    -37.483848872108         0.87025E-02
    -37.492584554575    -37.495388508952         0.39605E-02
    -37.494896410983    -37.497729944033         0.45771E-02
    -37.506733272264    -37.509543310407         0.57757E-02
    -37.492045568154    -37.494840597884         0.46788E-02
    -37.512402371808    -37.515284243323         0.83830E-02
    -37.519142722335    -37.521930596645         0.40426E-02
    -37.492692632896    -37.495491825410         0.96494E-02
    -37.509221759269    -37.512010098271         0.52255E-02
    -37.517772108140    -37.520612228097         0.85791E-02
    -37.515744102811    -37.518552145649         0.43051E-02
    -37.484614204286    -37.487363042729         0.89418E-02
    -37.489322576684    -37.492094324405         0.39828E-02
    -37.516910327905    -37.519644468825         0.42602E-02
    -37.508950347317    -37.511675743851         0.76755E-02
    -37.517488505699    -37.520216298016         0.34745E-02
    -37.480062971195    -37.482817748706         0.49698E-02
    -37.498978893109    -37.501783276203         0.85284E-02
    -37.518721760232    -37.521697987984         0.58149E-02
    -37.517947085515    -37.520828712420         0.81519E-02
    -37.509543510642    -37.512511690448         0.51185E-02
    -37.507396914736    -37.510330764474         0.65727E-02
    -37.534889202172    -37.537788613647         0.35717E-02
    -37.497629029881    -37.500553482468         0.74503E-02
    -37.479739239211    -37.482610268229         0.88334E-02
    -37.482362692579    -37.485202097198         0.39432E-02
    -37.491274171052    -37.494149514126         0.98152E-02
    -37.487628802142    -37.490400280934         0.53053E-02
    -37.468492511810    -37.471304109871         0.72576E-02
    -37.484691724922    -37.487624109699         0.71375E-02
    -37.492415616836    -37.495275549667         0.89492E-02
    -37.513417937818    -37.516269294934         0.71343E-02
    -37.516886426632    -37.519777636477         0.21895E-02
    -37.505982369456    -37.508794336662         0.93666E-02
    -37.513729452659    -37.516641038507         0.85804E-02
    -37.531788888323    -37.534644498234         0.72954E-02
    -37.506267221076    -37.509185476201         0.24895E-02
    -37.486522242632    -37.489424230588         0.46322E-02
    -37.491310607225    -37.494386139274         0.92815E-02
    -37.502865514030    -37.505718203661         0.69038E-02
    -37.543206712249    -37.546144671625         0.86569E-02
    -37.502745074401    -37.505656065470         0.62544E-02
    -37.529939405355    -37.532924301621         0.82666E-02
    -37.517949820638    -37.520810359077         0.35420E-02
    -37.542375699393    -37.545293979145         0.34811E-02
    -37.520904647152    -37.523879964909         0.90933E-02
    -37.525288124134    -37.528205411826         0.84891E-02
    -37.511563931905    -37.514444812079         0.93208E-02
    -37.538011083725    -37.540834469307         0.75525E-02
    -37.544458806543    -37.547379186463         0.57762E-02
    -37.521295175158    -37.524121297995         0.92439E-02
    -37.494709873422    -37.497533348908         0.98280E-02
    -37.544613845230    -37.547393549244         0.69406E-02
    -37.505278063765    -37.508060258427         0.52856E-02
    -37.534591464750    -37.537356577521         0.35835E-02
    -37.510474900010    -37.513306139702         0.54293E-02
    -37.491629306637    -37.494433993654         0.85929E-02
    -37.490240597293    -37.493126464563         0.46601E-02
    -37.494202750506    -37.497067478686         0.68173E-02
    -37.504724212428    -37.507586150649         0.72294E-02
    -37.504221896411    -37.507033434210         0.59248E-02
    -37.522557430122    -37.525412834800         0.55378E-02
    -37.508746896774    -37.511575135572         0.86213E-02
    -37.507262614393    -37.510103883070         0.53304E-02
    -37.490893919505    -37.493801229966         0.59373E-02
    -37.502361409855    -37.505280449092         0.37772E-02
    -37.483718064997    -37.486576657775         0.50096E-02
    -37.504812304477    -37.507677111530         0.46495E-02
    -37.493654552837    -37.496479646575         0.89954E-02
    -37.498818810784    -37.501730349741         0.30133E-02
    -37.508398395105    -37.511288435818         0.84199E-02
    -37.493829596132    -37.496790705625         0.91663E-02
    -37.506991346031    -37.509855312498         0.89162E-02
    -37.519713010739    -37.522559829860         0.86186E-02
    -37.484109456587    -37.486865865326         0.98360E-02
    -37.506948409371    -37.509884592399         0.87382E-02
    -37.481484856309    -37.484446805539         0.87610E-02
    -37.513236418003    -37.516122184747         0.54937E-02
    -37.486311380463    -37.489245720573         0.85141E-02
    -37.517283535233    -37.520235919497         0.99690E-02
    -37.519056961379    -37.521995474226         0.65946E-02
    -37.499169672762    -37.502143518263         0.49895E-02
    -37.514110743073    -37.516931810746         0.60461E-02
    -37.495394333987    -37.498300093655         0.45867E-02
    -37.505787893865    -37.508677159523         0.71439E-02
    -37.520529750899    -37.523461777071         0.91302E-02
    -37.522140661384    -37.524987024464         0.61848E-02
    -37.507319515651    -37.510159138625         0.83821E-02
    -37.517408391107    -37.520218759643         0.54624E-02
    -37.507157914861    -37.509943185226         0.46098E-02
