    -21.195716481041    -21.198026357111         0.13110E-03
    -21.195002227340    -21.197311375275         0.18332E-03
    -21.196540977020    -21.198863288938         0.11635E-03
    -21.195909172868    -21.198234537831         0.19705E-03
    -21.195701413698    -21.198031708594         0.15432E-03
    -21.195038136325    -21.197355352100         0.48987E-04
    -21.194962664474    -21.197307606832         0.30226E-04
    -21.195714465642    -21.198023774256         0.18238E-04
    -21.194760121435    -21.197115876806         0.85092E-04
    -21.194757065862    -21.197113708062         0.11643E-03
    -21.195272224614    -21.197593720341         0.55368E-04
    -21.194775102954    -21.197112830794         0.19215E-03
    -21.194841906833    -21.197176004122         0.15920E-03
    -21.195000641949    -21.197311949046         0.13686E-03
    -21.194411959934    -21.196728397860         0.71524E-04
    -21.194400249920    -21.196711499652         0.12791E-03
    -21.194500624359    -21.196840459037         0.15057E-03
    -21.194384326793    -21.196735010521         0.19355E-03
    -21.194165602820    -21.196520877546         0.18496E-03
    -21.194377283202    -21.196737380752         0.17632E-03
    -21.193436366636    -21.195758762541         0.89755E-04
    -21.194181655617    -21.196502344560         0.16223E-03
    -21.192979930381    -21.195310279288         0.16174E-03
    -21.193375897313    -21.195721950883         0.65435E-04
    -21.192568965866    -21.194888720417         0.16193E-03
    -21.192471070320    -21.194796290551         0.18352E-03
    -21.192160016912    -21.194463731520         0.91370E-04
    -21.192722025054    -21.195033190791         0.13543E-03
    -21.191937516015    -21.194288135877         0.90857E-04
    -21.192037268763    -21.194346545021         0.79334E-04
    -21.191882015772    -21.194208818516         0.18571E-03
    -21.192261214250    -21.194619848285         0.21913E-03
    -21.192109350857    -21.194473944626         0.17462E-03
    -21.191898722745    -21.194221425645         0.15147E-03
    -21.191870101876    -21.194212655047         0.72045E-04
    -21.191718306885    -21.194028620261         0.65980E-04
    -21.191717039259    -21.194048116685         0.77800E-04
    -21.191343717875    -21.193687612772         0.16089E-03
    -21.191556022930    -21.193889621197         0.15359E-03
    -21.191265049172    -21.193597758952         0.13307E-03
    -21.191340033279    -21.193674208642         0.55623E-04
    -21.191153217039    -21.193462586025         0.17212E-03
    -21.191110559870    -21.193464802266         0.72267E-04
    -21.190919163173    -21.193243820260         0.10602E-03
    -21.191670566611    -21.194018954453         0.14224E-03
    -21.190817230786    -21.193140905574         0.13250E-03
    -21.190690859238    -21.193026455786         0.77958E-04
    -21.190675982672    -21.193035880538         0.89239E-04
    -21.190496815312    -21.192813250484         0.15881E-03
    -21.190908119522    -21.193240061950         0.12276E-03
    -21.190698035740    -21.193027831745         0.16632E-03
    -21.190451888016    -21.192779280512         0.15914E-03
    -21.191153635814    -21.193509008338         0.10101E-03
    -21.190353031528    -21.192666319925         0.18679E-03
    -21.190352652642    -21.192666003102         0.14556E-03
    -21.190204738859    -21.192532906960         0.12520E-03
    -21.190074658726    -21.192402379824         0.96880E-04
    -21.190297760332    -21.192627036717         0.15818E-03
    -21.190113239694    -21.192443343054         0.13266E-03
    -21.190688329267    -21.193008103724         0.16762E-03
    -21.190085157207    -21.192416797916         0.17496E-03
    -21.189968088596    -21.192282581096         0.13960E-03
    -21.189915519540    -21.192228353928         0.10067E-03
    -21.190240386067    -21.192570272769         0.18767E-03
    -21.189892666942    -21.192231360426         0.17863E-03
    -21.190113178230    -21.192443417465         0.12847E-03
    -21.190353993340    -21.192682770796         0.49698E-04
    -21.194178289506    -21.196501994293         0.13818E-03
    -21.189723139842    -21.192067129437         0.11161E-03
    -21.190231438598    -21.192559886996         0.18713E-03
    -21.189609537416    -21.191915509955         0.12292E-03
    -21.189575316024    -21.191896814745         0.94462E-04
    -21.195272140157    -21.197593436188         0.63710E-04
    -21.190260967138    -21.192590538895         0.65187E-04
    -21.189516757896    -21.191837421040         0.38697E-04
    -21.189565134626    -21.191885262135         0.98786E-04
    -21.190323504103    -21.192637047378         0.13449E-03
    -21.189555729022    -21.191886418026         0.77606E-04
    -21.189507500520    -21.191842083983         0.65728E-04
    -21.189357775030    -21.191677849443         0.16603E-03
    -21.190286739863    -21.192616194011         0.12050E-03
    -21.189461732598    -21.191784357683         0.15215E-03
    -21.189285261262    -21.191606094892         0.43642E-04
    -21.189538394830    -21.191860898977         0.17390E-03
    -21.189265606928    -21.191581015025         0.15596E-03
    -21.193444188180    -21.195767003013         0.18201E-03
    -21.189204282951    -21.191542957969         0.33314E-04
    -21.189203836068    -21.191535237643         0.17704E-03
    -21.189134100992    -21.191451251414         0.57445E-04
    -21.189213677468    -21.191558383620         0.17985E-03
    -21.188933763559    -21.191278842017         0.78503E-04
    -21.189445397267    -21.191766079814         0.91433E-04
    -21.189441075809    -21.191763349183         0.13892E-03
    -21.189118135657    -21.191428970797         0.15195E-03
    -21.188839363515    -21.191159515966         0.86601E-04
    -21.189121437383    -21.191432090095         0.99425E-04
    -21.194781227440    -21.197136555909         0.12805E-03
    -21.188513982506    -21.190838407314         0.15763E-03
    -21.189158741945    -21.191480942327         0.70055E-04
    -21.188876165101    -21.191197677574         0.10389E-03
    -21.188131105166    -21.190466965048         0.53028E-04
    -21.188032477065    -21.190374251778         0.16045E-03
    -21.187508162734    -21.189838333520         0.13144E-03
    -21.187389657416    -21.189707133434         0.20036E-03
    -21.187858111762    -21.190179452526         0.14074E-03
    -21.187545613678    -21.189873078048         0.51619E-04
    -21.187351025974    -21.189753435084         0.11636E-03
    -21.187806716068    -21.190135232465         0.70731E-04
    -21.187372326557    -21.189697027713         0.15105E-03
    -21.187177992345    -21.189528664656         0.19618E-03
    -21.189343789396    -21.191665584243         0.18267E-03
    -21.187100368106    -21.189420151064         0.11120E-03
    -21.187845186399    -21.190165463415         0.14241E-03
    -21.187300907691    -21.189652274017         0.15141E-03
    -21.187181647476    -21.189504015016         0.52641E-04
    -21.187363110371    -21.189696240470         0.83844E-04
    -21.187196094763    -21.189543698080         0.13649E-03
    -21.187026472477    -21.189372961498         0.16977E-03
    -21.187053709245    -21.189358827543         0.60209E-04
    -21.187290373131    -21.189623660790         0.95567E-04
