    -21.280849738588    -21.281551570999         0.18694E-03
    -21.280171036941    -21.280861404190         0.68568E-04
    -21.278261869899    -21.278934477169         0.97451E-04
    -21.282529386227    -21.283259061186         0.18545E-03
    -21.277152565216    -21.277871131091         0.27039E-03
    -21.276648377472    -21.277335763832         0.87760E-04
    -21.276460228499    -21.277158340408         0.11189E-03
    -21.277340823006    -21.278040039079         0.12565E-03
    -21.277437646914    -21.278163376725         0.16089E-03
    -21.276084767554    -21.276755255770         0.17292E-03
    -21.275821075572    -21.276500282305         0.19827E-03
    -21.275924202647    -21.276621597395         0.10893E-03
    -21.275432000527    -21.276156553254         0.15617E-03
    -21.275322067246    -21.276039899487         0.82543E-04
    -21.274676506103    -21.275391027701         0.17144E-03
    -21.275193080836    -21.275884689028         0.17987E-03
    -21.275052570310    -21.275752531222         0.18630E-03
    -21.274957126982    -21.275653138969         0.60522E-04
    -21.274610889256    -21.275323641634         0.26689E-03
    -21.274984932132    -21.275702736171         0.48594E-04
    -21.275675767542    -21.276376591278         0.16250E-03
    -21.274718459553    -21.275416188303         0.18370E-03
    -21.274798957898    -21.275504434219         0.15125E-03
    -21.274546005585    -21.275236909203         0.12609E-03
    -21.274584499225    -21.275240277873         0.18230E-03
    -21.274348948016    -21.275047297862         0.16602E-03
    -21.274766048546    -21.275463910676         0.85568E-04
    -21.274540219852    -21.275223348581         0.12826E-03
    -21.274199648116    -21.274875581506         0.13632E-03
    -21.274081243046    -21.274749558836         0.15282E-03
    -21.274164799142    -21.274844005831         0.82518E-04
    -21.274075707923    -21.274754298788         0.10486E-03
    -21.274125240305    -21.274797181308         0.74705E-04
    -21.273980154871    -21.274654668439         0.16492E-03
    -21.274026992884    -21.274695458983         0.10029E-03
    -21.273950894019    -21.274656341039         0.10001E-03
    -21.273918235120    -21.274606802087         0.12832E-03
    -21.273626576856    -21.274352577665         0.19103E-03
    -21.273851817570    -21.274549726927         0.15472E-03
    -21.273810731003    -21.274474446891         0.18367E-03
    -21.273737860306    -21.274419640935         0.81820E-04
    -21.273652926759    -21.274336204088         0.98448E-04
    -21.273634644208    -21.274335393110         0.13486E-03
    -21.273697650373    -21.274439712603         0.45095E-04
    -21.273626205450    -21.274299378107         0.13050E-03
    -21.273602075140    -21.274298190087         0.40729E-04
    -21.273743413564    -21.274431126940         0.19359E-03
    -21.273701862744    -21.274385362658         0.16898E-03
    -21.273470464152    -21.274165722502         0.87345E-04
    -21.273908886615    -21.274609339387         0.16998E-03
    -21.273483959382    -21.274178547509         0.13359E-03
    -21.273695022796    -21.274389499510         0.10715E-03
    -21.273446730265    -21.274122365004         0.16127E-03
    -21.272545068087    -21.273224060639         0.19187E-03
    -21.273496560305    -21.274185425742         0.14697E-03
    -21.273611443896    -21.274313320411         0.12567E-03
    -21.273390721273    -21.274061058912         0.16993E-03
    -21.273508557764    -21.274186436806         0.46187E-04
    -21.273281578366    -21.274069749961         0.66411E-04
