    -21.253480588649    -21.254121076870         0.73670E-03
    -21.255736233138    -21.256357024179         0.56067E-03
    -21.255740160588    -21.256358592734         0.47983E-03
    -21.254397837237    -21.255027265416         0.34893E-03
    -21.253717136479    -21.254349672406         0.60038E-03
    -21.253702328123    -21.254331411734         0.33899E-03
    -21.254879584256    -21.255532423493         0.39013E-03
    -21.253715718057    -21.254348690506         0.66910E-03
    -21.253588760436    -21.254244448524         0.27701E-03
    -21.253482403839    -21.254122890374         0.59517E-03
    -21.252178724750    -21.252840689812         0.22364E-03
    -21.253039198893    -21.253680364900         0.16741E-03
    -21.252588479370    -21.253228355813         0.21834E-03
    -21.255702585265    -21.256321191001         0.42407E-03
    -21.257449377471    -21.258050614441         0.53119E-03
    -21.251861904877    -21.252515153515         0.27578E-03
    -21.255560241518    -21.256175756662         0.61889E-03
    -21.253558644631    -21.254211135480         0.48101E-03
    -21.252939715408    -21.253551867196         0.75908E-03
    -21.252470074831    -21.253128079794         0.39471E-03
    -21.252585418250    -21.253224933410         0.25779E-03
    -21.253722907314    -21.254355652769         0.36397E-03
    -21.252929475267    -21.253603104698         0.61076E-03
    -21.251362887987    -21.252001055212         0.41213E-03
    -21.252584747990    -21.253223987306         0.24173E-03
    -21.251520107218    -21.252166697710         0.40375E-03
    -21.251351210441    -21.251977640181         0.57153E-03
    -21.253491188522    -21.254132665264         0.27402E-03
    -21.252579058467    -21.253218337307         0.44497E-03
    -21.251520335677    -21.252166872012         0.77505E-03
    -21.251249612852    -21.251886024638         0.65983E-03
    -21.253481189681    -21.254122241921         0.26348E-03
    -21.253482480123    -21.254123174967         0.42921E-03
    -21.250613711910    -21.251272897068         0.25448E-03
    -21.252366323685    -21.252988872983         0.67780E-03
    -21.252586886765    -21.253225774188         0.29852E-03
    -21.252577550620    -21.253219145578         0.21052E-03
    -21.250956386493    -21.251601141533         0.66391E-03
    -21.250515204210    -21.251191158220         0.35300E-03
    -21.252565490654    -21.253204112043         0.62163E-03
    -21.252301741606    -21.252948473720         0.35824E-03
    -21.252466178603    -21.253125178319         0.41826E-03
    -21.252906650240    -21.253579521941         0.55592E-03
    -21.252579288985    -21.253218841626         0.72978E-03
    -21.250526810649    -21.251203196522         0.25599E-03
    -21.251344463888    -21.251979933577         0.59500E-03
    -21.251105690529    -21.251731601645         0.51986E-03
    -21.250507542408    -21.251181071633         0.63742E-03
    -21.253482138360    -21.254122584866         0.62660E-03
    -21.252566733840    -21.253205660688         0.60860E-03
    -21.252345776219    -21.252996771974         0.28732E-03
    -21.250955854251    -21.251599842873         0.73930E-03
    -21.252559999315    -21.253198030274         0.66762E-03
    -21.252284754051    -21.252943016333         0.44414E-03
    -21.252566396328    -21.253205415208         0.62169E-03
    -21.252445622248    -21.253106506237         0.59547E-03
    -21.253384792469    -21.254015863187         0.64314E-03
    -21.249490306207    -21.250121325724         0.50076E-03
    -21.250806483278    -21.251432622192         0.32690E-03
    -21.253384647581    -21.254015887295         0.59461E-03
    -21.249796351745    -21.250431601159         0.32790E-03
    -21.254146485695    -21.254775605810         0.23817E-03
    -21.251554696615    -21.252196137180         0.78609E-03
    -21.251931311525    -21.252631562002         0.31304E-03
    -21.252175080585    -21.252836856384         0.38623E-03
    -21.248476080558    -21.249122673806         0.37060E-03
    -21.248472154443    -21.249119058320         0.62616E-03
    -21.253057376149    -21.253689306672         0.66135E-03
    -21.252326039403    -21.252977182323         0.73148E-03
    -21.251352044051    -21.251986409626         0.43363E-03
    -21.251067861777    -21.251708584906         0.71659E-03
    -21.252294376674    -21.252943806262         0.40208E-03
    -21.249633933306    -21.250291812581         0.29813E-03
    -21.250593706162    -21.251219882078         0.24569E-03
    -21.250522513824    -21.251198888106         0.63944E-03
    -21.251522632636    -21.252169208101         0.50645E-03
    -21.252148089029    -21.252802861835         0.57960E-03
    -21.250613864195    -21.251273069238         0.31281E-03
    -21.249313787082    -21.249951727409         0.31605E-03
    -21.248476779033    -21.249122899605         0.29769E-03
    -21.250359529780    -21.251000645436         0.69090E-03
    -21.251684544568    -21.252342585368         0.40893E-03
    -21.248008061659    -21.248662036292         0.40119E-03
    -21.248464480887    -21.249110822722         0.63741E-03
    -21.253722250662    -21.254355061606         0.19010E-03
    -21.251851965834    -21.252505562466         0.31213E-03
    -21.248479072704    -21.249125599492         0.20433E-03
    -21.250519516318    -21.251195040222         0.51376E-03
    -21.248009721910    -21.248664099497         0.37521E-03
    -21.252564936760    -21.253204368758         0.53262E-03
    -21.250519171010    -21.251194805133         0.54989E-03
    -21.248475556898    -21.249122037433         0.32059E-03
    -21.248263437940    -21.248887233373         0.64786E-03
    -21.248001679466    -21.248655079079         0.61292E-03
    -21.249859003160    -21.250489455877         0.61410E-03
    -21.248480956174    -21.249127902790         0.32250E-03
    -21.248605503561    -21.249257573657         0.24448E-03
    -21.247665820933    -21.248300391659         0.70466E-03
    -21.248473475000    -21.249119604443         0.41533E-03
    -21.249607354758    -21.250236308755         0.34025E-03
    -21.253642107326    -21.254255764368         0.25107E-03
    -21.248620612708    -21.249248086800         0.33757E-03
    -21.248481799284    -21.249128938618         0.61376E-03
    -21.255010489780    -21.255653896136         0.77089E-03
    -21.252586170208    -21.253226710079         0.40317E-03
    -21.252574614113    -21.253216199994         0.30511E-03
    -21.248480376410    -21.249127009037         0.65506E-03
    -21.248995329855    -21.249593151606         0.43928E-03
    -21.251255315569    -21.251909543509         0.16626E-03
    -21.251070652856    -21.251711289416         0.63201E-03
    -21.252582926660    -21.253222241559         0.32881E-03
    -21.248483149236    -21.249129581848         0.37057E-03
    -21.248965128264    -21.249601884924         0.61115E-03
    -21.248480485512    -21.249126804323         0.74338E-03
    -21.248477188654    -21.249123738205         0.37487E-03
    -21.246505420228    -21.247230602524         0.52665E-03
    -21.249167953550    -21.249793286433         0.43840E-03
    -21.248475158522    -21.249120854748         0.53255E-03
    -21.250820054278    -21.251449187820         0.30122E-03
    -21.249886611101    -21.250514002205         0.53800E-03
    -21.250377799337    -21.251036782094         0.58974E-03
    -21.246484805816    -21.247210551350         0.52623E-03
    -21.246674145697    -21.247328581450         0.24131E-03
    -21.248452672640    -21.249099991251         0.51673E-03
    -21.251248429710    -21.251902653333         0.76524E-03
    -21.250944376956    -21.251589313768         0.56523E-03
    -21.247868621465    -21.248499705956         0.72836E-03
    -21.248473927847    -21.249120095786         0.45159E-03
    -21.252588386678    -21.253229016183         0.56756E-03
    -21.247791780709    -21.248431656957         0.42388E-03
    -21.256714295336    -21.257356011078         0.26514E-03
    -21.246107594762    -21.246755428791         0.74499E-03
    -21.246831929817    -21.247477583820         0.30534E-03
    -21.248492607985    -21.249139579564         0.25024E-03
    -21.253724685662    -21.254357470412         0.55323E-03
    -21.248477434186    -21.249124335708         0.44371E-03
    -21.251566003106    -21.252188089522         0.26273E-03
    -21.253399884844    -21.254062451450         0.55851E-03
    -21.246136289828    -21.246780934787         0.60551E-03
    -21.247465817183    -21.248138235887         0.59086E-03
    -21.248680859612    -21.249343178449         0.24995E-03
    -21.253494057486    -21.254135425225         0.36997E-03
    -21.252575811296    -21.253214848586         0.42430E-03
    -21.255232789106    -21.255906713292         0.57044E-03
    -21.248476236027    -21.249122921786         0.21404E-03
    -21.248543118276    -21.249206956889         0.75524E-03
    -21.246120229208    -21.246768028410         0.35533E-03
    -21.247876762777    -21.248510433643         0.35714E-03
    -21.246257601499    -21.246887448477         0.37354E-03
    -21.247541930910    -21.248174282825         0.73603E-03
    -21.248017576378    -21.248668877878         0.71773E-03
    -21.246796268773    -21.247440809466         0.79998E-03
    -21.248478767136    -21.249124354178         0.73865E-03
    -21.248175334280    -21.248807048466         0.46740E-03
    -21.253496097039    -21.254137244631         0.42112E-03
    -21.248561596191    -21.249205342680         0.77429E-03
    -21.248488423405    -21.249134380485         0.66624E-03
    -21.252352405874    -21.253000036659         0.13550E-03
    -21.252297727969    -21.252946276051         0.11241E-03
    -21.252567463004    -21.253208884516         0.62250E-03
    -21.247795632240    -21.248461969894         0.34459E-03
    -21.249375088828    -21.250008232163         0.35874E-03
    -21.248892556202    -21.249497527215         0.30728E-03
    -21.245498753059    -21.246128471397         0.64587E-03
    -21.249783112374    -21.250419761292         0.55706E-03
    -21.247820205134    -21.248457260695         0.21573E-03
    -21.247297372764    -21.247917685961         0.58954E-03
    -21.246824049773    -21.247448996965         0.30568E-03
    -21.246181662025    -21.246832771300         0.60917E-03
    -21.247289999640    -21.247951670032         0.33735E-03
    -21.248496172107    -21.249142851659         0.48641E-03
    -21.246261615573    -21.246891050421         0.46374E-03
    -21.252574668922    -21.253213581082         0.44084E-03
    -21.249085272433    -21.249730218463         0.33488E-03
    -21.245739892491    -21.246365662160         0.30587E-03
    -21.248499765511    -21.249145960045         0.45329E-03
    -21.244676966044    -21.245306196540         0.25551E-03
    -21.248501027821    -21.249118483179         0.26492E-03
    -21.248497645096    -21.249114723723         0.53257E-03
    -21.245613932995    -21.246244194987         0.86256E-04
    -21.246385404773    -21.247020029354         0.61823E-03
    -21.246541442117    -21.247175740348         0.44565E-03
    -21.246620278392    -21.247240123360         0.73204E-03
    -21.246181754119    -21.246832649540         0.58689E-03
    -21.245762006269    -21.246386835789         0.41269E-03
    -21.248643169329    -21.249287470034         0.20273E-03
    -21.252239813514    -21.252879756375         0.48265E-03
    -21.250862286893    -21.251481979279         0.61912E-03
    -21.249606760720    -21.250236734347         0.43064E-03
    -21.246912920865    -21.247545879622         0.28956E-03
    -21.243564887346    -21.244183516929         0.73236E-03
    -21.243509531081    -21.244233982689         0.59781E-03
    -21.248747962640    -21.249478158620         0.62701E-03
    -21.250436626345    -21.251082776122         0.67748E-03
    -21.246189178226    -21.246906862033         0.65764E-03
    -21.253560364622    -21.254213041530         0.20818E-03
    -21.246190119503    -21.246908448028         0.65930E-03
    -21.251600353409    -21.252222831520         0.46528E-03
    -21.248472318837    -21.249117628060         0.74327E-03
    -21.244724974294    -21.245359490169         0.43103E-03
    -21.244118012000    -21.244765967848         0.70502E-03
    -21.242823101455    -21.243601926943         0.77790E-03
    -21.245273186575    -21.245919827332         0.70427E-03
    -21.243443473294    -21.244170063958         0.47042E-03
    -21.245185412688    -21.245850774810         0.74135E-03
    -21.245951830428    -21.246568992820         0.28718E-03
    -21.249901919070    -21.250567570294         0.37532E-03
    -21.247254675318    -21.247895320647         0.36777E-03
    -21.251876692378    -21.252579357584         0.53376E-03
    -21.248493499515    -21.249110107462         0.58945E-03
    -21.244030747447    -21.244764922895         0.61673E-03
    -21.248097926310    -21.248737758441         0.69269E-03
    -21.250923972153    -21.251568500326         0.71766E-03
    -21.246399700967    -21.247138684199         0.57436E-03
    -21.245792909303    -21.246450957749         0.53874E-03
    -21.245285561629    -21.245952952105         0.55433E-03
    -21.245933240096    -21.246550548744         0.78442E-03
    -21.249584592723    -21.250238035576         0.45508E-03
    -21.245696735262    -21.246335306666         0.40803E-03
    -21.245285424814    -21.245928183178         0.53190E-03
    -21.246844835313    -21.247474417697         0.47524E-03
    -21.244086617459    -21.244817652808         0.19537E-03
    -21.244086232393    -21.244817609322         0.32504E-03
    -21.245811856823    -21.246620435702         0.68149E-03
    -21.245964156683    -21.246580980728         0.27167E-03
    -21.244182662389    -21.244810526117         0.36764E-03
    -21.245283847039    -21.245927396415         0.74807E-03
    -21.244884311949    -21.245501143865         0.70300E-03
    -21.243494061036    -21.244193594985         0.35414E-03
    -21.244047739777    -21.244781152318         0.32783E-03
    -21.248759566237    -21.249408033863         0.29734E-03
    -21.246279549517    -21.246908460166         0.41226E-03
    -21.241864699164    -21.242473510399         0.40757E-03
    -21.244858541384    -21.245584320618         0.49053E-03
    -21.245445918406    -21.246124002537         0.42361E-03
    -21.246153800002    -21.246864369891         0.67206E-03
    -21.247728778694    -21.248377624394         0.53914E-03
    -21.244885811987    -21.245505395825         0.29865E-03
    -21.242807285185    -21.243583709645         0.43236E-03
    -21.240997467534    -21.241702262350         0.53537E-03
    -21.248530402045    -21.249188710819         0.56433E-03
    -21.241078563255    -21.241873427383         0.42146E-03
    -21.240469242368    -21.241162341343         0.46012E-03
    -21.245541247269    -21.246156332041         0.43449E-03
    -21.249382862044    -21.250088903680         0.25048E-03
    -21.241474236814    -21.242085906951         0.52801E-03
    -21.242981645873    -21.243603994606         0.51631E-03
    -21.242449003229    -21.243183386969         0.48288E-03
    -21.241333600968    -21.242040039624         0.46947E-03
    -21.248929859473    -21.249550380924         0.75960E-03
    -21.248759836838    -21.249407119193         0.33295E-03
    -21.241757739609    -21.242389409159         0.46631E-03
    -21.246158807234    -21.246808272224         0.50550E-03
    -21.241908204001    -21.242531823818         0.24902E-03
    -21.242670675838    -21.243283823977         0.48518E-03
    -21.243586108781    -21.244226339686         0.32067E-03
    -21.252335236801    -21.252941581666         0.42541E-03
    -21.251978686031    -21.252645027906         0.49774E-03
    -21.242228543231    -21.242884366000         0.76096E-03
    -21.242152048347    -21.242949871304         0.26566E-03
    -21.246107320051    -21.246816854786         0.26679E-03
    -21.247884868829    -21.248616196802         0.55708E-03
    -21.243140157123    -21.243763959636         0.46670E-03
    -21.249255261744    -21.249885796648         0.48328E-03
    -21.239207985068    -21.239993869449         0.64318E-03
    -21.247301569447    -21.247923590477         0.25204E-03
    -21.247100094608    -21.247907380369         0.42899E-03
    -21.240102846731    -21.240743625686         0.27723E-03
    -21.241431671525    -21.242089806102         0.34363E-03
    -21.238282979019    -21.239054423419         0.37654E-03
    -21.245011474281    -21.245636969105         0.36832E-03
    -21.245552701274    -21.246167116046         0.41650E-03
    -21.243957558088    -21.244596634247         0.46286E-03
    -21.246819078574    -21.247443618808         0.49881E-03
    -21.242987672110    -21.243608707332         0.75702E-03
    -21.239822594626    -21.240439967034         0.39919E-03
    -21.239212286719    -21.239999392234         0.34878E-03
    -21.241599068815    -21.242219866216         0.46816E-03
    -21.246812369799    -21.247458649503         0.45750E-03
    -21.241523861915    -21.242159802471         0.66217E-03
    -21.238283207853    -21.238905791525         0.72451E-03
    -21.251184224110    -21.251838445590         0.32183E-03
    -21.241936162538    -21.242576360113         0.39191E-03
    -21.240642803540    -21.241304941027         0.77034E-03
    -21.239218879048    -21.240005572870         0.20782E-03
    -21.241523574376    -21.242160424810         0.44934E-03
    -21.238889719329    -21.239538197049         0.37221E-03
    -21.247443872549    -21.248083698039         0.74910E-03
    -21.240079926883    -21.240729384272         0.27798E-03
    -21.245740799022    -21.246383476753         0.49712E-03
    -21.244675128108    -21.245317077522         0.67966E-03
    -21.244669275960    -21.245296183904         0.34282E-03
    -21.237683283517    -21.238471187170         0.43650E-03
    -21.237826618190    -21.238516856566         0.41750E-03
    -21.243905859224    -21.244609824958         0.38008E-03
    -21.239936064821    -21.240567417350         0.41971E-03
    -21.240218844722    -21.240843951456         0.43161E-03
    -21.245384784540    -21.246115965652         0.28451E-03
    -21.239343870645    -21.240036666996         0.49599E-03
    -21.246087066975    -21.246737017967         0.30116E-03
    -21.241223984760    -21.241851408140         0.58420E-03
    -21.238944734297    -21.239732866136         0.59223E-03
    -21.250900176804    -21.251509357855         0.30467E-03
    -21.251356987865    -21.252003283613         0.20232E-03
    -21.242208577701    -21.242846433657         0.34817E-03
    -21.238716300480    -21.239404201158         0.70485E-03
    -21.247453129165    -21.248092207111         0.18267E-03
    -21.246530776012    -21.247336388857         0.23648E-03
    -21.244654202653    -21.245380745334         0.24655E-03
    -21.239668055304    -21.240281405604         0.27937E-03
    -21.243684971565    -21.244390477684         0.50613E-03
    -21.235999710588    -21.236659812756         0.33040E-03
    -21.239348370959    -21.239984423444         0.68033E-03
    -21.237903147731    -21.238567101738         0.38808E-03
    -21.244276642604    -21.244923576288         0.65306E-03
    -21.243909967452    -21.244613493249         0.23215E-03
