NEB log file generated by ORCA
All quantities are given in atomic units. Unless stated otherwise. 
iteration       : 0
climbing        : no
zoom on         : no
nim             : 10
barrier         :   0.12924439 (image:  4) 
distance        :   0.00000000    2.69208115    5.38907593    8.09476929   10.80915258   13.52060910   16.23199995   18.94510248   21.66053318   24.37653453 
energy          : -934.52663028  -934.51210330  -934.48296852  -934.44714144  -934.39738589  -934.39969612  -934.39909457  -934.42436620  -934.46573445  -934.47882493 
max(|Fr_perp|)   :   0.00000000    0.02302889    0.04267108    0.05488317    0.06696433    0.05774835    0.06027767    0.06437567    0.03465165    0.00000000 
Fr_paral         :   0.00000000   -0.00803977   -0.00957000   -0.01454190   -0.00725319   -0.00212155    0.00125775    0.01292623    0.01146184    0.00000000 
max(|Fsp_paral|) :   0.00000000    0.00001274    0.02892930    0.06935570    0.00019821    0.00377668    0.00007214    0.03193768    0.03978052    0.00000000 
max(|Fsp_perp|)  :   0.00000000    0.00000000    0.00000000    0.00000000    0.00000000    0.00000000    0.00000000    0.00000000    0.00000000    0.00000000 
max(|FNEB|)      :   0.00000000    0.02300000    0.04090676    0.06767132    0.06702906    0.05796331    0.06027990    0.05453534    0.04864588    0.00000000 
max(|Force|)     :   0.00183573    0.02371965    0.04342854    0.05570911    0.06727378    0.05791926    0.06045350    0.06612159    0.03639682    0.02442317 
ksp              :   0.01000000    0.01000000    0.04502358    0.10000000    0.10000000    0.09811953    0.09811953    0.07018630    0.02446574 
max(|step|)      :   0.00000000    0.03398781    0.06044918    0.10000000    0.09905091    0.08565417    0.08907746    0.08058855    0.07188551    0.00000000 
angle (deg.)     :    9.7320  13.4155  20.8760  39.3227  40.9331  18.4441  19.6482  22.2198 
>
iteration       : 1
climbing        : no
zoom on         : no
nim             : 10
barrier         :   0.10531341 (image:  4) 
distance        :   0.00000000    2.69272395    5.52707831    8.30155318   10.78345620   13.49073407   16.21679002   18.81747201   21.45436444   24.34416653 
energy          : -934.52663028  -934.51513518  -934.48998251  -934.45851258  -934.42131687  -934.42485173  -934.42632449  -934.44260993  -934.46933568  -934.47882493 
max(|Fr_perp|)   :   0.00000000    0.01746515    0.02884882    0.03650149    0.05035819    0.04819203    0.05413401    0.04046829    0.01998331    0.00000000 
Fr_paral         :   0.00000000   -0.00658837   -0.00764935   -0.01212162   -0.00515930   -0.00269571    0.00146802    0.01015801    0.00750235    0.00000000 
max(|Fsp_paral|) :   0.00000000    0.00034857    0.02658553    0.06071846    0.01738808    0.01035917    0.00867463    0.02723322    0.03437950    0.00000000 
max(|Fsp_perp|)  :   0.00000000    0.00000000    0.00000000    0.00000000    0.00000000    0.00000000    0.00000000    0.00000000    0.00000000    0.00000000 
max(|FNEB|)      :   0.00000000    0.01727380    0.03134921    0.05771562    0.04882782    0.04898204    0.05633133    0.05329707    0.04286814    0.00000000 
max(|Force|)     :   0.00183573    0.01802705    0.02945472    0.03730944    0.05069720    0.04836569    0.05394881    0.03842132    0.02106554    0.02442317 
ksp              :   0.01000000    0.01000000    0.04178879    0.10000000    0.10000000    0.09446796    0.09216310    0.06667640    0.02485066 
max(|step|)      :   0.00000000    0.02644835    0.05811897    0.10000000    0.05797837    0.05846583    0.07842856    0.08705404    0.07486886    0.00166515 
angle (deg.)     :    10.2029  14.0831  19.5749  38.7441  40.9659  18.8130  18.8083  21.7810 
>
iteration       : 2
climbing        : no
zoom on         : no
nim             : 10
barrier         :   0.09434695 (image:  4) 
distance        :   0.00000000    2.69546641    5.67650766    8.52169555   10.78201546   13.45002862   16.17683067   18.68452121   21.24656065   24.31427538 
energy          : -934.52663028  -934.51714770  -934.49288675  -934.46145204  -934.43228333  -934.43551741  -934.43851719  -934.45074528  -934.47048483  -934.47882493 
max(|Fr_perp|)   :   0.00000000    0.00599749    0.01193194    0.02090099    0.02689589    0.02728979    0.03241995    0.02616991    0.01194370    0.00000000 
Fr_paral         :   0.00000000   -0.00599302   -0.00705940   -0.01051762   -0.00664705   -0.00199041    0.00077616    0.00790154    0.00527516    0.00000000 
max(|Fsp_paral|) :   0.00000000    0.00070064    0.02896557    0.04715422    0.03160212    0.00880686    0.01700872    0.02401540    0.02863875    0.00000000 
max(|Fsp_perp|)  :   0.00000000    0.00000000    0.00000000    0.00000000    0.00000000    0.00000000    0.00000000    0.00000000    0.00000000    0.00000000 
max(|FNEB|)      :   0.00000000    0.00636855    0.02710978    0.04861374    0.03704631    0.02802151    0.03659704    0.03764111    0.03394874    0.00000000 
max(|Force|)     :   0.00183573    0.00677153    0.01255513    0.02172010    0.02739470    0.02748256    0.03238884    0.02458806    0.01276965    0.02442317 
ksp              :   0.01000000    0.01000000    0.04359300    0.10000000    0.10000000    0.09374941    0.08795188    0.06430241    0.02612540 
max(|step|)      :   0.00000000    0.01310030    0.05576566    0.10000000    0.07620543    0.05764113    0.07528127    0.07742894    0.06983363    0.00000000 
angle (deg.)     :    10.8284  14.2626  19.2983  37.2711  41.0993  18.4887  18.2816  21.5258 
>
iteration       : 3
climbing        : no
zoom on         : no
nim             : 10
barrier         :   0.08746453 (image:  4) 
distance        :   0.00000000    2.70165442    5.86543715    8.71618082   10.82889569   13.39050107   16.06334329   18.52444965   21.02402123   24.25570108 
energy          : -934.52663028  -934.51817607  -934.49375169  -934.46304689  -934.43916576  -934.44261075  -934.44535086  -934.45514320  -934.47111358  -934.47882493 
max(|Fr_perp|)   :   0.00000000    0.00637531    0.00814707    0.01906123    0.02566101    0.02589978    0.02181401    0.01983510    0.00773614    0.00000000 
Fr_paral         :   0.00000000   -0.00570191   -0.00700063   -0.00955276   -0.01024710    0.00071629    0.00093026    0.00659261    0.00437134    0.00000000 
max(|Fsp_paral|) :   0.00000000    0.00113143    0.03105551    0.03874496    0.03483415    0.00776095    0.01687712    0.02277718    0.02426962    0.00000000 
max(|Fsp_perp|)  :   0.00000000    0.00000000    0.00000000    0.00000000    0.00000000    0.00000000    0.00000000    0.00000000    0.00000000    0.00000000 
max(|FNEB|)      :   0.00000000    0.00594274    0.02905737    0.04234007    0.04115716    0.02617899    0.02758723    0.02900648    0.02351163    0.00000000 
max(|Force|)     :   0.00183573    0.00682054    0.00863197    0.01948916    0.02603595    0.02587484    0.02174889    0.02097793    0.00830215    0.02442317 
ksp              :   0.01000000    0.01000000    0.04580568    0.10000000    0.10000000    0.09218215    0.08596393    0.06374180    0.02749964 
max(|step|)      :   0.00000000    0.01330880    0.05981058    0.10000000    0.08569695    0.04077129    0.05152545    0.06060005    0.06311099    0.00135497 
angle (deg.)     :    11.5244  14.5188  19.3994  36.2382  41.3224  18.3034  17.9069  21.4536 
>
iteration       : 4
climbing        : no
zoom on         : no
nim             : 10
barrier         :   0.08286965 (image:  4) 
distance        :   0.00000000    2.71065270    6.07340786    8.90491122   10.89480403   13.34175767   15.95932294   18.37601593   20.82164858   24.21531067 
energy          : -934.52663028  -934.51903544  -934.49360441  -934.46359344  -934.44376063  -934.44734518  -934.44901869  -934.45678966  -934.47100534  -934.47882493 
max(|Fr_perp|)   :   0.00000000    0.00560559    0.00994499    0.01508924    0.02296817    0.02139755    0.01958717    0.01356890    0.00767912    0.00000000 
Fr_paral         :   0.00000000   -0.00547964   -0.00683408   -0.00868546   -0.00859832    0.00155284    0.00074273    0.00539903    0.00393396    0.00000000 
max(|Fsp_paral|) :   0.00000000    0.00159032    0.03329958    0.02981180    0.03553556    0.00558949    0.01378564    0.02046450    0.02143597    0.00000000 
max(|Fsp_perp|)  :   0.00000000    0.00000000    0.00000000    0.00000000    0.00000000    0.00000000    0.00000000    0.00000000    0.00000000    0.00000000 
max(|FNEB|)      :   0.00000000    0.00532140    0.03136785    0.03528875    0.03896106    0.02165736    0.02389097    0.02719176    0.02152294    0.00000000 
max(|Force|)     :   0.00183573    0.00632467    0.01041762    0.01544354    0.02026709    0.02141549    0.01959909    0.01436314    0.00723290    0.02442317 
ksp              :   0.01000000    0.01000000    0.04909385    0.10000000    0.10000000    0.09080457    0.08650653    0.06655227    0.03006368 
max(|step|)      :   0.00000000    0.01365825    0.08051076    0.09057441    0.10000000    0.05558720    0.06132014    0.06979216    0.05524218    0.00000000 
angle (deg.)     :    12.3855  14.4286  19.9367  35.8475  41.5517  18.2816  17.4350  21.4547 
>
iteration       : 5
climbing        : no
zoom on         : no
nim             : 10
barrier         :   0.08006987 (image:  4) 
distance        :   0.00000000    2.72828509    6.33842471    9.04545847   10.98768176   13.30154807   15.86799417   18.23705414   20.64135173   24.18161786 
energy          : -934.52663028  -934.51953478  -934.49232069  -934.46418637  -934.44656041  -934.45045221  -934.45064501  -934.45687899  -934.47052985  -934.47882493 
max(|Fr_perp|)   :   0.00000000    0.00483665    0.00985645    0.01496352    0.02585596    0.02777587    0.02511462    0.01556641    0.00614952    0.00000000 
Fr_paral         :   0.00000000   -0.00525253   -0.00665995   -0.00855977   -0.00398715   -0.00095110    0.00018251    0.00441731    0.00368925    0.00000000 
max(|Fsp_paral|) :   0.00000000    0.00212843    0.03155314    0.02905471    0.02897183    0.00209702    0.00897016    0.01730570    0.01968168    0.00000000 
max(|Fsp_perp|)  :   0.00000000    0.00000000    0.00000000    0.00000000    0.00000000    0.00000000    0.00000000    0.00000000    0.00000000    0.00000000 
max(|FNEB|)      :   0.00000000    0.00527553    0.03254996    0.03487326    0.02916480    0.02788584    0.02709858    0.02217860    0.01854591    0.00000000 
max(|Force|)     :   0.00183573    0.00536186    0.00941868    0.01540859    0.02611096    0.02783698    0.02509493    0.01481153    0.00670351    0.02442317 
ksp              :   0.01000000    0.01000000    0.05083341    0.10000000    0.10000000    0.08914405    0.08860623    0.07121693    0.03313865 
max(|step|)      :   0.00000000    0.01470194    0.08922101    0.09869344    0.10000000    0.03579086    0.04718878    0.06026834    0.05594785    0.00105422 
angle (deg.)     :    13.2565  14.6074  20.4170  35.0534  41.9460  18.2806  17.0141  21.5808 
>
iteration       : 6
climbing        : no
zoom on         : no
nim             : 10
barrier         :   0.07825657 (image:  4) 
distance        :   0.00000000    2.75011300    6.62602362    9.19910463   11.08455507   13.26627991   15.78206759   18.09806512   20.45758856   24.15293259 
energy          : -934.52663028  -934.51994309  -934.49052567  -934.46401612  -934.44837371  -934.45293988  -934.45169750  -934.45643189  -934.46984262  -934.47882493 
max(|Fr_perp|)   :   0.00000000    0.00684600    0.01404257    0.01865407    0.02228795    0.02324200    0.02553692    0.02158066    0.00903720    0.00000000 
Fr_paral         :   0.00000000   -0.00529953   -0.00656252   -0.00767329   -0.00150540   -0.00202462   -0.00047573    0.00365090    0.00376468    0.00000000 
max(|Fsp_paral|) :   0.00000000    0.00270923    0.03074584    0.02680015    0.02305247    0.00668972    0.00851704    0.01316417    0.01672440    0.00000000 
max(|Fsp_perp|)  :   0.00000000    0.00000000    0.00000000    0.00000000    0.00000000    0.00000000    0.00000000    0.00000000    0.00000000    0.00000000 
max(|FNEB|)      :   0.00000000    0.00745986    0.03420792    0.03201390    0.02363842    0.02365535    0.02624784    0.02661320    0.01693406    0.00000000 
max(|Force|)     :   0.00183573    0.00655933    0.01366630    0.01826222    0.02231669    0.02328181    0.02563390    0.02102255    0.00885904    0.02442317 
ksp              :   0.01000000    0.01000000    0.05376987    0.10000000    0.10000000    0.09019637    0.09019637    0.07618785    0.03653705 
max(|step|)      :   0.00000000    0.01639924    0.07520037    0.07037718    0.05196509    0.05200232    0.05770146    0.05850465    0.03722669    0.00000000 
angle (deg.)     :    13.8547  14.6966  20.4633  33.2145  42.2118  18.0914  16.7417  21.5944 
>
iteration       : 7
climbing        : no
zoom on         : no
nim             : 10
barrier         :   0.07606791 (image:  4) 
distance        :   0.00000000    2.77555913    6.83981545    9.29833706   11.12501628   13.25999985   15.72217380   18.01214677   20.33382784   24.12141104 
energy          : -934.52663028  -934.52049392  -934.49001658  -934.46508466  -934.45056237  -934.45528704  -934.45370518  -934.45807522  -934.47009941  -934.47882493 
max(|Fr_perp|)   :   0.00000000    0.00534764    0.00829197    0.02090849    0.03522125    0.03805483    0.03288717    0.01860289    0.00929492    0.00000000 
Fr_paral         :   0.00000000   -0.00529658   -0.00657909   -0.00626307   -0.00676749   -0.00094942   -0.00073413    0.00441670    0.00372168    0.00000000 
max(|Fsp_paral|) :   0.00000000    0.00314048    0.02879189    0.02790171    0.02395287    0.00608540    0.00744586    0.01335225    0.01240333    0.00000000 
max(|Fsp_perp|)  :   0.00000000    0.00000000    0.00000000    0.00000000    0.00000000    0.00000000    0.00000000    0.00000000    0.00000000    0.00000000 
max(|FNEB|)      :   0.00000000    0.00545784    0.03277750    0.02964114    0.03404848    0.03762221    0.03430987    0.02320166    0.01348956    0.00000000 
max(|Force|)     :   0.00183573    0.00661956    0.00870723    0.02120882    0.03546710    0.03809844    0.03295721    0.01843097    0.00885326    0.02442317 
ksp              :   0.01000000    0.01000000    0.05375485    0.10000000    0.10000000    0.08999196    0.08999196    0.07607592    0.03778576 
max(|step|)      :   0.00000000    0.01316160    0.08211273    0.07558508    0.06330233    0.02483389    0.02377825    0.03139878    0.03226313    0.00055178 
angle (deg.)     :    14.4673  15.0203  20.3751  32.6004  42.4650  18.0250  16.6589  21.7001 
>
iteration       : 8
climbing        : no
zoom on         : no
nim             : 10
barrier         :   0.07383935 (image:  4) 
distance        :   0.00000000    2.80624872    7.06987419    9.41072513   11.18090279   13.26432605   15.67190275   17.93022933   20.22552282   24.10383562 
energy          : -934.52663028  -934.52078059  -934.48877125  -934.46563182  -934.45279093  -934.45777048  -934.45520690  -934.45818358  -934.46988151  -934.47882493 
max(|Fr_perp|)   :   0.00000000    0.00577764    0.01155023    0.01742004    0.02627858    0.02803446    0.02851135    0.01988218    0.01056398    0.00000000 
Fr_paral         :   0.00000000   -0.00531585   -0.00660338   -0.00575168   -0.00517461   -0.00138688   -0.00106210    0.00411065    0.00374536    0.00000000 
max(|Fsp_paral|) :   0.00000000    0.00360797    0.02863449    0.02649159    0.02426133    0.00893735    0.00654146    0.00923135    0.01049134    0.00000000 
max(|Fsp_perp|)  :   0.00000000    0.00000000    0.00000000    0.00000000    0.00000000    0.00000000    0.00000000    0.00000000    0.00000000    0.00000000 
max(|FNEB|)      :   0.00000000    0.00606652    0.03272287    0.02811392    0.02760290    0.02735234    0.03005556    0.02218616    0.01390665    0.00000000 
max(|Force|)     :   0.00183573    0.00619416    0.01192330    0.01755564    0.02645866    0.02810456    0.02863550    0.02016908    0.01011867    0.02442317 
ksp              :   0.01000000    0.01000000    0.05560881    0.10000000    0.10000000    0.09164796    0.09164796    0.08135752    0.04091756 
max(|step|)      :   0.00000000    0.01710030    0.10000000    0.08952560    0.07337602    0.03095303    0.02820627    0.03360060    0.03720624    0.00096397 
angle (deg.)     :    15.1706  15.5884  20.3473  31.5657  42.6842  18.0436  16.6702  21.8224 
>
iteration       : 9
climbing        : no
zoom on         : no
nim             : 10
barrier         :   0.07163992 (image:  4) 
distance        :   0.00000000    2.84677956    7.34424615    9.54353446   11.25197619   13.27898064   15.61685627   17.84989093   20.10793032   24.08827973 
energy          : -934.52663028  -934.52119069  -934.48751745  -934.46633322  -934.45499036  -934.46003836  -934.45699860  -934.45896274  -934.46973556  -934.47882493 
max(|Fr_perp|)   :   0.00000000    0.00552855    0.01110710    0.01852515    0.02820091    0.03008190    0.02729893    0.01767965    0.00954077    0.00000000 
Fr_paral         :   0.00000000   -0.00521269   -0.00661123   -0.00509249   -0.00403010   -0.00181607   -0.00132789    0.00381967    0.00348527    0.00000000 
max(|Fsp_paral|) :   0.00000000    0.00414817    0.02767924    0.02630763    0.02464568    0.00956334    0.00461228    0.00665523    0.00589549    0.00000000 
max(|Fsp_perp|)  :   0.00000000    0.00000000    0.00000000    0.00000000    0.00000000    0.00000000    0.00000000    0.00000000    0.00000000    0.00000000 
max(|FNEB|)      :   0.00000000    0.00601464    0.03190761    0.02697737    0.02721303    0.02947748    0.02864916    0.01927277    0.01144158    0.00000000 
max(|Force|)     :   0.00183573    0.00678460    0.01149910    0.01883642    0.02847491    0.03031981    0.02759499    0.01830173    0.00915606    0.02442317 
ksp              :   0.01000000    0.01000000    0.05717032    0.10000000    0.10000000    0.09242939    0.09242939    0.08498443    0.04429852 
max(|step|)      :   0.00000000    0.01250261    0.06632630    0.05607781    0.05656768    0.06127479    0.05955297    0.04006227    0.02378358    0.00000000 
angle (deg.)     :    15.5423  16.0267  19.9359  31.9960  42.7001  18.2404  16.8877  21.9419 
>
iteration       : 10
climbing        : no
zoom on         : no
nim             : 10
barrier         :   0.07013708 (image:  4) 
distance        :   0.00000000    2.88187161    7.50851450    9.62696368   11.30525711   13.29658785   15.59377912   17.81767124   20.07347644   24.08484032 
energy          : -934.52663028  -934.52129112  -934.48680613  -934.46711550  -934.45649320  -934.46116561  -934.45772976  -934.45923988  -934.46965732  -934.47882493 
max(|Fr_perp|)   :   0.00000000    0.00500647    0.00894870    0.01920403    0.03118565    0.03530269    0.02719102    0.01685717    0.00744918    0.00000000 
Fr_paral         :   0.00000000   -0.00511119   -0.00629987   -0.00605394   -0.00079383   -0.00269863   -0.00098594    0.00266987    0.00299346    0.00000000 
max(|Fsp_paral|) :   0.00000000    0.00442165    0.02693461    0.02750595    0.02430366    0.01339836    0.00329755    0.00494423    0.00475204    0.00000000 
max(|Fsp_perp|)  :   0.00000000    0.00000000    0.00000000    0.00000000    0.00000000    0.00000000    0.00000000    0.00000000    0.00000000    0.00000000 
max(|FNEB|)      :   0.00000000    0.00583617    0.03013932    0.03147688    0.02932991    0.03359667    0.02837704    0.01865817    0.00942524    0.00000000 
max(|Force|)     :   0.00183573    0.00601597    0.00905665    0.01953173    0.03123436    0.03553548    0.02736601    0.01640731    0.00696964    0.02442317 
ksp              :   0.01000000    0.01000000    0.05719063    0.10000000    0.10000000    0.09501650    0.09501650    0.08893051    0.04694675 
max(|step|)      :   0.00000000    0.01066228    0.05680070    0.05412057    0.04176814    0.02065798    0.01807191    0.01250357    0.00976255    0.00018995 
angle (deg.)     :    15.8554  16.4476  19.8109  31.1580  42.7412  18.2978  16.9432  22.0522 
>
iteration       : 11
climbing        : yes
zoom on         : no
nim             : 10
barrier         :   0.06856614 (image:  4) 
distance        :   0.00000000    2.91379362    7.64728965    9.70336848   11.34939009   13.31337962   15.57046345   17.78726161   20.04009839   24.07543734 
energy          : -934.52663028  -934.52138111  -934.48609138  -934.46748542  -934.45806415  -934.46299591  -934.45912061  -934.45946404  -934.46967001  -934.47882493 
max(|Fr_perp|)   :   0.00000000    0.00508513    0.01021816    0.01317473    0.01604822    0.01712190    0.01927840    0.01602725    0.00756155    0.00000000 
Fr_paral         :   0.00000000   -0.00503647   -0.00643780   -0.00553595   -0.00072851   -0.00280846   -0.00149834    0.00237249    0.00295830    0.00000000 
max(|Fsp_paral|) :   0.00000000    0.00462963    0.02743951    0.02581072    0.02454366    0.01316893    0.00178928    0.00001589    0.00432600    0.00000000 
max(|Fsp_perp|)  :   0.00000000    0.00000000    0.00000000    0.00000000    0.00000000    0.00000000    0.00000000    0.00000000    0.00000000    0.00000000 
max(|FNEB|)      :   0.00000000    0.00620136    0.03079530    0.02890264    0.02318792    0.01797934    0.01926788    0.01608506    0.00941427    0.00000000 
max(|Force|)     :   0.00183573    0.00543584    0.00984753    0.01293524    0.01610931    0.01710048    0.01936689    0.01569684    0.00711226    0.02442317 
ksp              :   0.01000000    0.01000000    0.05915783    0.10000000    0.10000000    0.09543704    0.09543704    0.09393017    0.04967066 
max(|step|)      :   0.00000000    0.00084147    0.00417865    0.00392183    0.00314640    0.00243964    0.00261448    0.00218260    0.00127743    0.00000000 
angle (deg.)     :    15.8754  16.4721  19.8109  31.0407  42.7402  18.2900  16.9516  22.0508 
>
iteration       : 12
climbing        : yes
zoom on         : no
nim             : 10
barrier         :   0.06828295 (image:  4) 
distance        :   0.00000000    2.91627854    7.65702310    9.70852175   11.35241035   13.31449269   15.56875394   17.78607949   20.03731633   24.07406147 
energy          : -934.52663028  -934.52141025  -934.48611516  -934.46764077  -934.45834733  -934.46325527  -934.45945932  -934.45971701  -934.46972628  -934.47882493 
max(|Fr_perp|)   :   0.00000000    0.00463436    0.00930020    0.01189690    0.01436226    0.01532366    0.01711844    0.01479709    0.00699256    0.00000000 
Fr_paral         :   0.00000000   -0.00503419   -0.00644234   -0.00545912   -0.00085284   -0.00280749   -0.00158000    0.00239538    0.00291777    0.00000000 
max(|Fsp_paral|) :   0.00000000    0.00464186    0.02734989    0.02588869    0.02455237    0.01263120    0.00163974    0.00031350    0.00378752    0.00000000 
max(|Fsp_perp|)  :   0.00000000    0.00000000    0.00000000    0.00000000    0.00000000    0.00000000    0.00000000    0.00000000    0.00000000    0.00000000 
max(|FNEB|)      :   0.00000000    0.00573176    0.03074729    0.02867414    0.01439952    0.01604833    0.01699833    0.01468254    0.00859278    0.00000000 
max(|Force|)     :   0.00183573    0.00516340    0.00887771    0.01159065    0.01432501    0.01520307    0.01708753    0.01439632    0.00651729    0.02442317 
ksp              :   0.01000000    0.01000000    0.05915491    0.10000000    0.10000000    0.09511274    0.09511274    0.09398017    0.04998900 
max(|step|)      :   0.00000000    0.01395111    0.07536986    0.07028691    0.03502887    0.03904806    0.04128702    0.03604296    0.02117116    0.00069783 
angle (deg.)     :    16.2398  17.0225  19.2160  29.7229  42.5240  18.2202  17.1993  22.0623 
>
iteration       : 13
climbing        : yes
zoom on         : no
nim             : 10
barrier         :   0.06663918 (image:  4) 
distance        :   0.00000000    2.96151417    7.83266746    9.80319345   11.33834136   13.34078725   15.54772324   17.77565363   20.00089098   24.06004695 
energy          : -934.52663028  -934.52158861  -934.48548212  -934.46832901  -934.45999110  -934.46458691  -934.46037029  -934.46055058  -934.47005136  -934.47882493 
max(|Fr_perp|)   :   0.00000000    0.00511148    0.00608367    0.01453829    0.02336159    0.02339323    0.02383869    0.01588515    0.00831191    0.00000000 
Fr_paral         :   0.00000000   -0.00505214   -0.00660027   -0.00440081   -0.00155378   -0.00220157   -0.00224297    0.00331245    0.00290851    0.00000000 
max(|Fsp_paral|) :   0.00000000    0.00487395    0.02648703    0.02131757    0.03605360    0.01109107    0.00096365    0.00101506    0.00221386    0.00000000 
max(|Fsp_perp|)  :   0.00000000    0.00000000    0.00000000    0.00000000    0.00000000    0.00000000    0.00000000    0.00000000    0.00000000    0.00000000 
max(|FNEB|)      :   0.00000000    0.00576871    0.03071748    0.02134943    0.02331228    0.02239425    0.02342945    0.01610702    0.00902104    0.00000000 
max(|Force|)     :   0.00183573    0.00631507    0.00838631    0.01471800    0.02341089    0.02351908    0.02422573    0.01554677    0.00796010    0.02442317 
ksp              :   0.01000000    0.01000000    0.06015617    0.10000000    0.10000000    0.09818798    0.09818798    0.09732645    0.05192568 
max(|step|)      :   0.00000000    0.01691429    0.09169276    0.07587201    0.03431074    0.03117894    0.01476501    0.01427584    0.01277551    0.00056654 
angle (deg.)     :    16.6662  17.7249  18.5652  28.5500  42.2291  18.1812  17.6739  22.1142 
>
iteration       : 14
climbing        : yes
zoom on         : no
nim             : 10
barrier         :   0.06590085 (image:  7) 
distance        :   0.00000000    3.01788033    8.04218534    9.90885354   11.35391330   13.37409021   15.53320563   17.76279602   19.96590144   24.04908115 
energy          : -934.52663028  -934.52164166  -934.48439934  -934.46891347  -934.46165747  -934.46603152  -934.46124437  -934.46072943  -934.47016441  -934.47882493 
max(|Fr_perp|)   :   0.00000000    0.00482749    0.00876830    0.01322421    0.01775911    0.01718301    0.02069207    0.01751297    0.00932233    0.00000000 
Fr_paral         :   0.00000000   -0.00507579   -0.00653629   -0.00402585   -0.00207774   -0.00229756   -0.00268177    0.00319317    0.00289866    0.00000000 
max(|Fsp_paral|) :   0.00000000    0.00515076    0.02395489    0.01683062    0.04225170    0.01158832    0.00588875    0.00123110    0.00137271    0.00000000 
max(|Fsp_perp|)  :   0.00000000    0.00000000    0.00000000    0.00000000    0.00000000    0.00000000    0.00000000    0.00000000    0.00000000    0.00000000 
max(|FNEB|)      :   0.00000000    0.00577586    0.02812590    0.01712768    0.01769535    0.01605506    0.01946362    0.01777802    0.00976711    0.00000000 
max(|Force|)     :   0.00183573    0.00603565    0.00907356    0.01329375    0.01782287    0.01732210    0.02118234    0.01719206    0.00897024    0.02442317 
ksp              :   0.01000000    0.01000000    0.05929576    0.09538428    0.09538428    0.09743890    0.10000000    0.10000000    0.05307407 
max(|step|)      :   0.00000000    0.01920659    0.10000000    0.07849095    0.04067584    0.03695439    0.01748753    0.01619197    0.01617150    0.00080763 
angle (deg.)     :    17.1030  18.5382  18.0333  27.4799  42.0117  17.9681  18.1829  22.1969 
>
